// Vitest Snapshot v1, https://vitest.dev/guide/snapshot.html

exports[`workers/repository/cache > setBranchCache() > builds branch cache for the given branches 1`] = `
[
  {
    "automerge": true,
    "baseBranch": "base",
    "baseBranchSha": "baseSha",
    "branchName": "first",
    "commitFingerprint": "123",
    "files": [
      {
        "path": "a.txt",
        "type": "addition",
      },
      {
        "path": "b.txt",
        "type": "deletion",
      },
    ],
    "isBehindBase": false,
    "isConflicted": false,
    "isModified": false,
    "prBlockedBy": "AwaitingTests",
    "prCache": {
      "bodyFingerprint": "firstBody",
      "lastEdited": "firstEdited",
    },
    "prNo": null,
    "prTitle": "First PR",
    "pristine": false,
    "result": "already-existed",
    "sha": "firstSha",
    "upgrades": [
      {
        "currentDigest": "h",
        "currentValue": "f",
        "currentVersion": "1.0.0",
        "datasource": "a",
        "depName": "b",
        "depType": "c",
        "displayPending": "x",
        "fixedVersion": "2.0.0",
        "newDigest": "i",
        "newValue": "g",
        "newVersion": "3.0.0",
        "packageFile": "j",
        "packageName": "e",
        "remediationNotPossible": true,
        "sourceUrl": "k",
        "updateType": "major",
      },
    ],
  },
  {
    "automerge": true,
    "baseBranch": "base",
    "baseBranchSha": "baseSha",
    "branchName": "second",
    "commitFingerprint": "123",
    "files": [],
    "isBehindBase": false,
    "isConflicted": false,
    "isModified": false,
    "prBlockedBy": "AwaitingTests",
    "prCache": null,
    "prNo": null,
    "prTitle": "Second PR",
    "pristine": false,
    "result": "needs-pr-approval",
    "sha": "secondSha",
    "upgrades": [
      {
        "currentDigest": "h",
        "currentValue": "f",
        "currentVersion": "1.0.0",
        "datasource": "a",
        "depName": "b",
        "depType": "c",
        "displayPending": "y",
        "fixedVersion": "2.0.0",
        "newDigest": "i",
        "newValue": "g",
        "newVersion": "3.0.0",
        "packageFile": "j",
        "packageName": "e",
        "remediationNotPossible": true,
        "sourceUrl": "k",
        "updateType": "major",
      },
      {
        "currentDigest": "h",
        "currentValue": "f",
        "currentVersion": "1.0.0",
        "datasource": "a",
        "depName": "b",
        "depType": "c",
        "displayPending": "z",
        "fixedVersion": "2.0.0",
        "newDigest": "i",
        "newValue": "g",
        "newVersion": "3.0.0",
        "packageFile": "j",
        "packageName": "e",
        "remediationNotPossible": true,
        "sourceUrl": "k",
        "updateType": "major",
      },
    ],
  },
]
`;
